// Jest Snapshot v1, https://goo.gl/fbAQLP

exports[`Card component render card component 1`] = `
<div>
  <div
    class="border inline-block p-3 rounded-full pr-10"
  >
    <span
      class="text-gray-600"
    >
      Word of the day
    </span>
    <h1
      class="font-semibold text-2xl"
    >
      be•nev•o•lent
    </h1>
    <span
      class="text-gray-600"
    >
      adjective
    </span>
    <p
      class="mt-3 mb-3"
    >
      well meaning and kindly.
      <br />
      "a benevolent smile"
    </p>
    <a
      class="text-sky-900"
      href="www.youtube.com"
    >
      LEARN MORE
    </a>
  </div>
</div>
`;
